CGTN,https://0472.org/hls/cgtn.m3u8
CGTN,http://english-livetx.cgtn.com/hls/yypdyyctzb_hd.m3u8
CGTN俄语,https://0472.org/hls/cgtne.m3u8
CGTN俄语,http://russian-livews.cgtn.com/hls/LSvexABhNipibK5KRuUkvHZ7220802LSTeze9o8tdFXMHsb1VosgoT220802cd.m3u8
CGTN法语,https://0472.org/hls/cgtnf.m3u8
CGTN法语,http://espanol-liveali.cgtn.com/hls/LSveOGBaBw41Ea7ukkVAUdKQ220802LSTexu6xAuFH8VZNBLE1ZNEa220802cd.m3u8
CGTN纪录,https://0472.org/hls/cgtnd.m3u8
CGTN纪录,https://english-livetx.cgtn.com/hls/yypdjlctzb_hd.m3u8
CGTN西语,https://0472.org/hls/cgtnx.m3u8
CGTN阿语,https://0472.org/hls/cgtna.m3u8
中国交通,http://drive.mxmy.net:8888/udp/239.3.1.188:8001
熊猫直播,https://gcwbndali.v.myalicdn.com/gcwbnd/ipanda1000_2/index.m3u8
直播中国,https://gcalic.v.myalicdn.com/gc/wgw05_1/index.m3u8?contentid=2820180516001
支持作者,https://vd2.bdstatic.com/mda-scfjjr0gw3rrk0nm/sc/cae_h264/1773669284080863767/mda-scfjjr0gw3rrk0nm.mp4
兵团卫视,http://183.11.239.36:808/hls/7/index.m3u8
兵团卫视,http://120.76.248.139/live/bfgd/4200000124.m3u8
兵团卫视,http://218.13.170.98:9901/tsfile/live/0115_1.m3u8
海峡卫视,http://8.138.7.223/tv/hxws.m3u8
海峡卫视,http://38.64.72.148:80/hls/modn/list/4009/chunklist0.m3u8
海峡卫视,http://38.64.72.148:80/hls/modn/list/4009/playlist.m3u8
农林卫视,http://120.76.248.139/live/bfgd/4200000122.m3u8
农林卫视,http://8.138.7.223/【公众号：榴芒电视】/农林卫视.m3u8
农林卫视,http://124.116.183.146:9901/tsfile/live/1004_1.m3u8
农林卫视,http://124.116.183.146:9901/tsfile/live/1004_1.m3u8?key=txiptv&playlive=1&authid=0
东方卫视4K,https://bp-resource-dfl.bestv.cn/148/3/video.m3u8
北京卫视4K超,http://183.215.134.239:19901/tsfile/live/0122_1.m3u8?key=txiptv&playlive=1&authid=0
苏州4K,https://tylive.kan0512.com/norecord/csztv4k_4k.m3u8
龙华电影,https://cdn8.163189.xyz/live/lhdy/stream.m3u8
AMC电影,http://61.221.215.25:8800/hls/43/index.m3u8
CHC电影,http://183.237.95.108:9901/tsfile/live/1008_1.m3u8?key=txiptv&playlive=0&authid=0
人在囧途,https://vip.ffzy-play.com/20221018/1953_2d6ba500/index.m3u8
人在囧途之泰囧,https://vip.ffzy-play.com/20221018/1951_47e1adc8/index.m3u8
人在囧途之港囧,https://vip.ffzy-play7.com/20230112/11082_fde1a94d/index.m3u8
倩女幽魂人间道,http://jsmov2.a.yximgs.com/bs3/video-hls/5250634317044855747_hlsb.m3u8
倩女幽魂妖魔道,http://jsmov2.a.yximgs.com/bs3/video-hls/5232901391302199073_hlsb.m3u8
倩女幽魂道道道,http://jsmov2.a.yximgs.com/bs3/video-hls/5216294367991385255_hlsb.m3u8
刀刀影院,http://www.goodiptv.club/douyu/747764
华语影视,http://www.goodiptv.club/douyu/3928
发条张的电影最TOP,https://goodiptv.club/douyu/2164691
古装武侠,http://www.goodiptv.club/douyu/2793084
哈利影视,https://goodiptv.club/douyu/8475821
喜人电影,https://goodiptv.club/douyu/10348735
寒战,https://vip.ffzy-play6.com/20221019/157_bf0740ee/index.m3u8
我不是药神,https://vip.ffzy-play1.com/20221018/478_c3afed66/index.m3u8
拆弹专家1,https://vip.ffzy-online.com/20221015/719_80ff87c2/index.m3u8
拆弹专家2,https://vip.ffzy-online.com/20221015/722_e32c42bc/index.m3u8
无际电影,https://goodiptv.club/douyu/9720498
林九影视,https://goodiptv.club/douyu/7212528
橙记港剧,http://www.goodiptv.club/douyu/4549169
热门港剧,http://www.goodiptv.club/douyu/5522351
爱星影视,https://goodiptv.club/douyu/9476806
电影丧尸片,http://live.metshop.top/huya/21059578?cdn=alicdn
电影动作电影,http://live.metshop.top/huya/11602077?cdn=alicdn
电影吐槽汇,https://goodiptv.club/douyu/9447668
电影周星星,http://live.metshop.top/huya/11336587?cdn=alicdn
电影谍战,http://live.metshop.top/huya/21059585?cdn=alicdn
电影迷小雅,https://goodiptv.club/douyu/9639225
美亚电影,https://live.tvfix.org/live/mydy/index.m3u8
美亚电影,http://zjrtv.vip/live/?tbs=mydy
让子弹飞,https://vip.ffzy-play7.com/20230116/11563_b9f44814/index.m3u8
豆瓣电影,https://live.tvfix.org/live/cmc/index.m3u8
贝爷求生,http://www.goodiptv.club/douyu/9661369
逐梦电影,https://goodiptv.club/douyu/4058285
邵氏影院,http://www.goodiptv.club/douyu/4246519
韩国电影1,https://stream.ads.ottera.tv/playlist.m3u8?network_id=595
韩国电影2,https://stream.ads.ottera.tv/playlist.m3u8?network_id=743
龙门飞甲,http://jsmov2.a.yximgs.com/bs3/video-hls/5203346449046555193_hlsb.m3u8
纪实科教8K,http://111.31.106.140/downflv.brtvcloud.com/8klive/8kliveok.m3u8
南国都市,https://tencentplay.gztv.com/live/nanguodushi.m3u8?txSecret=550af55c0ea34ce492748481415b6dfa&txTime=1903e7b17de
新视觉,http://120.76.248.139/live/bfgd/4200000249.m3u8
纪实科教,http://120.76.248.139/live/bfgd/4200000113.m3u8
广东少儿,http://gmxw.7766.org:808/hls/175/index.m3u8
漫尼动画,https://goodiptv.club/douyu/10364790
韩国EBS少儿,http://ebsonairios.ebs.co.kr/ebsutablet500k/tablet500k/playlist.m3u8
1900影剧室,https://goodiptv.club/douyu/7796193
Ethan清醒思考,https://goodiptv.club/douyu/9481151
OneGuy丶,https://goodiptv.club/douyu/9734098
Poison丶冰冰,https://goodiptv.club/douyu/74374
Red袖袖,https://goodiptv.club/douyu/9645396
koanluowei,https://goodiptv.club/douyu/10906963
一把钢刀镇斗虞,https://goodiptv.club/douyu/7356023
万合出品,https://goodiptv.club/douyu/9220456
万合鲜肉老师,https://goodiptv.club/douyu/9815091
三国颜老师,https://goodiptv.club/douyu/12253936
丛林工程师,https://goodiptv.club/douyu/9804149
傲天皇妃sama,https://goodiptv.club/douyu/2073
傲娇的超级赛亚人,https://goodiptv.club/douyu/4373285
农氏野钓,https://goodiptv.club/douyu/10103361
刘少丶7012,https://goodiptv.club/douyu/131977
北京影帝的分身,https://goodiptv.club/douyu/9805480
千代语默,https://goodiptv.club/douyu/9484187
历史经典烩,https://goodiptv.club/douyu/9487003
同行渔猎笔记,https://goodiptv.club/douyu/2718202
吸奇侠,https://goodiptv.club/douyu/8986636
周扒片,https://goodiptv.club/douyu/6434857
咕噜咕噜剧,https://goodiptv.club/douyu/10082307
培根悖论唠唠嗑,https://goodiptv.club/douyu/5354713
堇姑娘,https://goodiptv.club/douyu/297689
多发几个思雨,https://goodiptv.club/douyu/7256376
大漠叔叔Dm,https://goodiptv.club/douyu/1109218
天才简史,https://goodiptv.club/douyu/8662915
奇光主播,https://goodiptv.club/douyu/8009547
奇光主播e,https://goodiptv.club/douyu/11849873
奇光主播q,https://goodiptv.club/douyu/12560807
奇兮兮悄陌,https://goodiptv.club/douyu/953193
好萌的企鹅393,https://goodiptv.club/douyu/10198644
宇宙探索飞船,https://goodiptv.club/douyu/9456028
小姐姐不记得,https://goodiptv.club/douyu/3700024
小小天才搞笑视频,https://goodiptv.club/douyu/9419678
小毅主播A,https://goodiptv.club/douyu/12780285
小毅主播q,https://goodiptv.club/douyu/6906628
小约翰可汗,https://goodiptv.club/douyu/9738854
崔杋圭五颜一,https://goodiptv.club/douyu/8189873
崔然竣舞台天才,https://goodiptv.club/douyu/113158
开心锤锤动漫,https://goodiptv.club/douyu/9018297
当铁手团遇到光复社,https://goodiptv.club/douyu/5875025
彼岸心属MADEIN伊藤美优,https://goodiptv.club/douyu/40471
往事vs随风1,https://goodiptv.club/douyu/3113309
徐大sao,https://goodiptv.club/douyu/7107176
忆暄Ethan,https://goodiptv.club/douyu/9570042
懒猫是只喵,https://goodiptv.club/douyu/260322
户外老曹,https://goodiptv.club/douyu/9957389
掌上Club,https://goodiptv.club/douyu/1770806
探秘者大正,https://goodiptv.club/douyu/9330485
搞笑天堂岛,https://goodiptv.club/douyu/6916081
昆仑决KLF,https://goodiptv.club/douyu/1753007
智仗心,https://goodiptv.club/douyu/5635000
朱一旦的枯燥生活v,https://goodiptv.club/douyu/7907979
杨山羊goat,https://goodiptv.club/douyu/6300365
枫泽雨畔,https://goodiptv.club/douyu/5279518
梦夫人啊,https://goodiptv.club/douyu/9384527
楚汉炒果条丶,https://goodiptv.club/douyu/6785471
正宗吔汁吔树牌,https://goodiptv.club/douyu/10217953
武侠剧场,https://goodiptv.club/douyu/9285904
海王尼加拉,https://goodiptv.club/douyu/10039005
然续续,https://goodiptv.club/douyu/9609171
爪子drumdoll,https://goodiptv.club/douyu/6428730
瓦岗寨主坑爹李,https://goodiptv.club/douyu/7661496
画渣花小烙,https://goodiptv.club/douyu/9072066
疯狂尛潴潴,https://goodiptv.club/douyu/4290711
白马飞飞520,https://goodiptv.club/douyu/11756388
直男齐屿,https://goodiptv.club/douyu/3421452
碎片记,https://goodiptv.club/douyu/9412981
秋月剪水,https://goodiptv.club/douyu/9588891
篮球人物,https://goodiptv.club/douyu/8434598
篮球小人物,https://goodiptv.club/douyu/9184257
粤男有话儿,https://goodiptv.club/douyu/8764282
网神影厅,https://goodiptv.club/douyu/508118
老烟斗鬼故事,https://goodiptv.club/douyu/2337939
老高与小茉的死忠粉,https://goodiptv.club/douyu/236461
聚聚聚一个月,https://goodiptv.club/douyu/4105989
育碧先生v,https://goodiptv.club/douyu/9505962
胆子不小的郑吉祥,https://goodiptv.club/douyu/9171887
胡椒粉的胡歌,https://goodiptv.club/douyu/5448413
苹果Zei甜,https://goodiptv.club/douyu/1174353
草帽丶海贼团,https://goodiptv.club/douyu/997925
荒野有声书,https://goodiptv.club/douyu/10650322
蓝光乐队,https://goodiptv.club/douyu/9572351
蔡老板家的长工丶,https://goodiptv.club/douyu/8869614
许君聪经典小品,https://goodiptv.club/douyu/10419558
话很多的小姐姐们,https://goodiptv.club/douyu/8611011
豆腐芭比,https://goodiptv.club/douyu/6478650
赵本山经典小品,https://goodiptv.club/douyu/9817716
都市夜魔人老王,https://goodiptv.club/douyu/610972
钟意嚼完唔松弟弟边炉,https://goodiptv.club/douyu/8912325
隐紫大人不会吐槽,https://goodiptv.club/douyu/9207457
预言家Alice,https://goodiptv.club/douyu/9483772
龙组队长天昊,https://goodiptv.club/douyu/1487654
东莞新闻综合,https://stream.sun0769.com/dgrtv1/mp4tv1_800/index.m3u8
东莞生活资讯,https://stream.sun0769.com/dgrtv1/mp4tv2_800/index.m3u8
中华特产,http://120.76.248.139/live/bfgd/4200000158.m3u8
优优宝贝,http://120.76.248.139/live/bfgd/4200000153.m3u8
南国都市,http://tencentplay.gztv.com/live/nanguodushi.m3u8?txSecret=140110ae3d6c936a77f94c4f4d85b0d3&txTime=18d57929bd4
哈尔滨都市咨询,http://stream.hrbtv.net/zxpd/sd/live.m3u8?zheild
四海钓鱼,http://120.76.248.139/live/bfgd/4200000229.m3u8
广州新闻,http://tencentplay.gztv.com/live/xinwen.m3u8?txSecret=d2c2db0b598c02ec1b5623728434d367&txTime=18d57929bd3
延边2,http://stream5.jlntv.cn/wq/playlist.m3u8
浙江钱江频道,http://ali-m-l.cztv.com/channels/lantian/channel02/1080p.m3u8
环球旅游,http://120.76.248.139/live/bfgd/4200000147.m3u8
生态环境,http://120.76.248.139/live/bfgd/4200000149.m3u8
番禺综合,http://video.epaper.pybtv.cn:8080/live/rtmp_live_demo.flv
茶频道,http://drive.mxmy.net:8888/udp/239.3.1.165:8001
萧山综合,http://l.cztvcloud.com/channels/lantian/SXxiaoshan1/720p.m3u8
西安新闻,http://112.46.105.20:8009/hls/28/index.m3u8
西安都市,http://112.46.105.20:8009/hls/29/index.m3u8
赣州公共,https://pili-live-hls-sjxgz2024.sobeylive.com/jxgz2024/396_q_live172526334096251.m3u8
赣州新闻,https://pili-live-hls-sjxgz2024.sobeylive.com/jxgz2024/396_q_live172526329228525.m3u8
车迷频道,http://120.76.248.139/live/bfgd/4200000146.m3u8
辽宁公共,http://120.76.248.139/live/bfgd/4200000077.m3u8
辽宁公共,http://120.76.248.139/live/bfgd/4200000481.m3u8
邢台生活,https://jwcdnqx.hebyun.com.cn/live/xtcsshpd/1500k/tzwj_video.m3u8
邯郸公共频道,https://jwcdnqx.hebyun.com.cn/live/hdgg/1500k/tzwj_video.m3u8
长影频道,http://tpc.x3322.net:9901/tsfile/live/1010_1.m3u8
陕西新闻咨询,http://112.46.105.20:8009/hls/18/index.m3u8
陕西秦腔,http://112.46.105.20:8009/hls/22/index.m3u8
陕西银龄,http://112.46.105.20:8009/hls/20/index.m3u8
航拍中国第二季,http://newcntv.qcloudcdn.com/asp/hls/4000/0303000a/3/default/2bdfdad540b342f592f9817cb7f3b79a/4000.m3u8
东丰,http://stream5.jlntv.cn/df/sd/live.m3u8?zjild
中国党员教育,http://12371ksc.v.kcdnvip.com/12371/dangyuanwang_1/index.m3u8
中国村庄,http://newcntv.qcloudcdn.com/asp/hls/4000/0303000a/3/default/93fc12dbf14241c18c23da104fbade23/4000.m3u8
临潭,http://pili-live-hls.hfmt.net/gntv/lttv.m3u8?zgand
九台,http://stream10.jlntv.cn/jiutaitv/sd/live.m3u8?zjild
人与自然,http://newcntv.qcloudcdn.com/asp/hls/1200/0303000a/3/default/1425e1d505654cb48ba82b807b221193/1200.m3u8
兵团五师双河影,https://liveout.btzx.com.cn/62ds9e/6o77s4.m3u8?zxinjd
双辽,http://stream5.jlntv.cn/sl/sd/live.m3u8?zjild
地理中国,http://newcntv.qcloudcdn.com/asp/hls/1200/0303000a/3/default/c6baf6f74bb944aeacee1065ea72c798/1200.m3u8
夏河,http://pili-live-hls.hfmt.net/gntv/xhtv.m3u8?zgand
奎屯汉语,http://218.84.12.186:8001/hls/main/playlist.m3u8?zxinjd
文山州新闻,http://tvdrs.wsrtv.com.cn:8100/channellive/ch1.flv?zyund
柳河,http://stream5.jlntv.cn/lh/sd/live.m3u8?zjild
